// Jest Snapshot v1, https://goo.gl/fbAQLP

exports[`renders correctly 1`] = `
<div
  className="derived-from-props"
>
  <p
    className="secret-code"
  >
    You have a beautiful heart.
  </p>
</div>
`;
